current directory: /home/runner/work/jeff/jeff/doc/ghpages/vendor/bundle/ruby/3.2.0/gems/json-2.19.3/ext/json/ext/parser
/opt/hostedtoolcache/Ruby/3.2.11/x64/bin/ruby extconf.rb
checking for rb_enc_interned_str() in ruby/encoding.h... yes
checking for rb_str_to_interned_str() in ruby.h... yes
checking for rb_hash_new_capa() in ruby.h... yes
checking for rb_hash_bulk_insert() in ruby.h... yes
checking for whether -std=c99 is accepted as CFLAGS... yes
checking for x86intrin.h... yes
checking for cpuid.h... yes
creating Makefile

current directory: /home/runner/work/jeff/jeff/doc/ghpages/vendor/bundle/ruby/3.2.0/gems/json-2.19.3/ext/json/ext/parser
make DESTDIR\= sitearchdir\=./.gem.20260410-4001-3vj7eq sitelibdir\=./.gem.20260410-4001-3vj7eq clean

current directory: /home/runner/work/jeff/jeff/doc/ghpages/vendor/bundle/ruby/3.2.0/gems/json-2.19.3/ext/json/ext/parser
make DESTDIR\= sitearchdir\=./.gem.20260410-4001-3vj7eq sitelibdir\=./.gem.20260410-4001-3vj7eq
compiling parser.c
linking shared-object json/ext/parser.so

current directory: /home/runner/work/jeff/jeff/doc/ghpages/vendor/bundle/ruby/3.2.0/gems/json-2.19.3/ext/json/ext/parser
make DESTDIR\= sitearchdir\=./.gem.20260410-4001-3vj7eq sitelibdir\=./.gem.20260410-4001-3vj7eq install
/usr/bin/install -c -m 0755 parser.so ./.gem.20260410-4001-3vj7eq/json/ext

current directory: /home/runner/work/jeff/jeff/doc/ghpages/vendor/bundle/ruby/3.2.0/gems/json-2.19.3/ext/json/ext/parser
make DESTDIR\= sitearchdir\=./.gem.20260410-4001-3vj7eq sitelibdir\=./.gem.20260410-4001-3vj7eq clean
